// Jest Snapshot v1, https://goo.gl/fbAQLP

exports[`QRCode.vue should to match snapshot 1`] = `
<canvas
  class="qrcode"
  data="test data"
>
  
  QR Code appear here

</canvas>
`;
